exports[`Rendertests renders loginScreen when user not logged in 1`] = `
<div>
  <div>
    <div
      id="center_text">
      <h2>
        COPPER
      </h2>
      <h3>
        CROWN
      </h3>
    </div>
    <div
      className="col-md-4 col-md-offset-4">
      <div
        className="login panel panel-default"
        id={undefined}>
        <div
          className="panel-heading">
          <h2
            className="panel-title">
            Sign in to play the game
          </h2>
        </div>
        <div
          className="panel-body">
          <button
            className="btn btn-lg btn-primary btn-block"
            disabled={false}
            onClick={[Function]}
            type="button">
            Log In with Facebook
          </button>
          <button
            className="btn btn-lg btn-default btn-block"
            disabled={false}
            onClick={[Function]}
            type="button">
            Log In with Github
          </button>
          <button
            className="btn btn-lg btn-danger btn-block"
            disabled={false}
            onClick={[Function]}
            type="button">
            Log In with Google
          </button>
          <div
            className="text-right ">
            <a
              href={undefined}
              onBlur={[Function]}
              onClick={null}
              onFocus={[Function]}
              onMouseOut={[Function]}
              onMouseOver={[Function]}>
              Help
            </a>
          </div>
        </div>
      </div>
    </div>
  </div>
</div>
`;

exports[`Rendertests renders map when user logged in 1`] = `
<div>
  <GameContainer
    addRoof={[Function]}
    getLeader={[Function]}
    logout={[Function]}
    roofAlreadyStolen={[Function]}
    state={
      Object {
        "authed": true,
        "uid": 1,
        "userInfo": Object {
          "areaOfCopper": 0,
          "points": 0,
        },
      }
    } />
</div>
`;
