exports[`Render test Renders without crashing 1`] = `
<div
  className="custom"
  style={
    Object {
      "margin": "40px auto 10px",
      "maxWidth": 400,
    }
  }>
  <h4>
    Login with
  </h4>
  <button
    className="btn btn-lg btn-primary btn-block"
    disabled={false}
    onClick={[Function]}
    type="button">
    Facebook
  </button>
  <button
    className="btn btn-lg btn-default btn-block"
    disabled={false}
    onClick={[Function]}
    type="button">
    Github
  </button>
  <button
    className="btn btn-lg btn-danger btn-block"
    disabled={false}
    onClick={[Function]}
    type="button">
    Google
  </button>
</div>
`;
